{
  "json_format_version": [
    1,
    0
  ],
  "smartctl": {
    "version": [
      7,
      1
    ],
    "svn_revision": "5049",
    "platform_info": "x86_64-linux-4.18.0-315.el8.x86_64",
    "build_info": "(local build)",
    "argv": [
      "smartctl",
      "-a",
      "/dev/sdb",
      "-j"
    ],
    "exit_status": 0
  },
  "device": {
    "name": "/dev/sdb",
    "info_name": "/dev/sdb",
    "type": "scsi",
    "protocol": "SCSI"
  },
  "vendor": "HGST",
  "product": "HUS726060AL5210",
  "model_name": "HGST HUS726060AL5210",
  "revision": "A7J0",
  "scsi_version": "SPC-4",
  "user_capacity": {
    "blocks": 11721045168,
    "bytes": 6001175126016
  },
  "logical_block_size": 512,
  "physical_block_size": 4096,
  "rotation_rate": 7200,
  "form_factor": {
    "scsi_value": 2,
    "name": "3.5 inches"
  },
  "serial_number": "NCGNZH9Z",
  "device_type": {
    "scsi_value": 0,
    "name": "disk"
  },
  "local_time": {
    "time_t": 1629146410,
    "asctime": "Mon Aug 16 20:40:10 2021 UTC"
  },
  "smart_status": {
    "passed": true
  },
  "temperature": {
    "current": 44,
    "drive_trip": 85
  },
  "scsi_grown_defect_list": 16,
  "scsi_error_counter_log": {
    "read": {
      "errors_corrected_by_eccfast": 0,
      "errors_corrected_by_eccdelayed": 10,
      "errors_corrected_by_rereads_rewrites": 0,
      "total_errors_corrected": 10,
      "correction_algorithm_invocations": 5228206,
      "gigabytes_processed": "246241.461",
      "total_uncorrected_errors": 0
    },
    "write": {
      "errors_corrected_by_eccfast": 0,
      "errors_corrected_by_eccdelayed": 278,
      "errors_corrected_by_rereads_rewrites": 0,
      "total_errors_corrected": 278,
      "correction_algorithm_invocations": 2001405,
      "gigabytes_processed": "147764.151",
      "total_uncorrected_errors": 0
    },
    "verify": {
      "errors_corrected_by_eccfast": 0,
      "errors_corrected_by_eccdelayed": 1,
      "errors_corrected_by_rereads_rewrites": 0,
      "total_errors_corrected": 1,
      "correction_algorithm_invocations": 290615,
      "gigabytes_processed": "431.978",
      "total_uncorrected_errors": 0
    }
  }
}
